
> resto-proyect@0.0.0 build
> vite build

[36mvite v7.3.0 [32mbuilding client environment for production...[36m[39m
transforming...
[32mÔ£ô[39m 1839 modules transformed.
rendering chunks...
computing gzip size...
[2mdist/[22m[32mindex.html                 [39m[1m[2m  0.47 kB[22m[1m[22m[2m Ôöé gzip:   0.31 kB[22m
[2mdist/[22m[35massets/index-C_AvKMPK.css  [39m[1m[2m116.78 kB[22m[1m[22m[2m Ôöé gzip:  19.15 kB[22m
[2mdist/[22m[36massets/index-DbP0mXm1.js   [39m[1m[33m645.36 kB[39m[22m[2m Ôöé gzip: 186.32 kB[22m
node.exe : [33m
En línea: 1 Carácter: 1
+ & "C:\Program Files\nodejs/node.exe" "C:\Program Files\nodejs/node_mo 
...
+ ~~~~~~~~~~~~~~~~~~~~~~~~~~~~~~~~~~~~~~~~~~~~~~~~~~~~~~~~~~~~~~~~~~~~~
    + CategoryInfo          : NotSpecified: ([33m:String) [], RemoteExce 
   ption
    + FullyQualifiedErrorId : NativeCommandError
 
(!) Some chunks are larger than 500 kB after minification. Consider:
- Using dynamic import() to code-split the application
- Use build.rollupOptions.output.manualChunks to improve chunking: 
https://rollupjs.org/configuration-options/#output-manualchunks
- Adjust chunk size limit for this warning via 
build.chunkSizeWarningLimit.[39m
[32mÔ£ô built in 17.07s[39m
